// Jest Snapshot v1, https://goo.gl/fbAQLP

exports[`render components should create main page 1`] = `
Object {
  "asFragment": [Function],
  "baseElement": <body>
    <div>
      <div
        class="container"
      >
        <div
          class="container"
          style="padding: 0px 10px 0px 10px;"
        >
          <div
            class="sub__container"
            style="height: 530px;"
          >
            <div
              class="slide__list"
            >
              <div
                class="container__l"
                data-testid="poster-l"
                style="opacity: 1; transform: translateX(0);"
              >
                <div
                  class="info"
                >
                  <h1
                    class="name"
                  >
                    Моя пиратская свадьба
                  </h1>
                  <span
                    class="description"
                  >
                    Пышную свадьбу на острове нарушает вторжение пиратов. Комедия с Дженнифер Лопес и Джошем Дюамелем
                  </span>
                </div>
                <img
                  alt="Моя пиратская свадьба"
                  class="slide__image"
                  src="https://thumbs.dfs.ivi.ru/storage29/contents/0/4/4d13b27d5730eeb087122d7ef6ff6e.jpg/1216x524/?q=85"
                />
              </div>
              <div
                class="container__l"
                data-testid="poster-l"
                style="transform: translateX(100%);"
              >
                <div
                  class="info"
                >
                  <h1
                    class="name"
                  >
                    Все везде и сразу
                  </h1>
                  <span
                    class="description"
                  >
                    Абсолютный триумфатор Оскара-2023, яркий, увлекательный, во всех смыслах фантастический
                  </span>
                </div>
                <img
                  alt="Все везде и сразу"
                  class="slide__image"
                  src="https://thumbs.dfs.ivi.ru/storage28/contents/0/6/f2058a5893cd51ca84fec7f149fcc3.jpg/1216x524/?q=85"
                />
              </div>
              <div
                class="container__l"
                data-testid="poster-l"
                style="opacity: 0; transform: translateX(200%);"
              >
                <div
                  class="info"
                >
                  <h1
                    class="name"
                  >
                    Моя пиратская свадьба
                  </h1>
                  <span
                    class="description"
                  >
                    Пышную свадьбу на острове нарушает вторжение пиратов. Комедия с Дженнифер Лопес и Джошем Дюамелем
                  </span>
                </div>
                <img
                  alt="Моя пиратская свадьба"
                  class="slide__image"
                  src="https://thumbs.dfs.ivi.ru/storage29/contents/0/4/4d13b27d5730eeb087122d7ef6ff6e.jpg/1216x524/?q=85"
                />
              </div>
              <div
                class="container__l"
                data-testid="poster-l"
                style="opacity: 0; transform: translateX(200%);"
              >
                <div
                  class="info"
                >
                  <h1
                    class="name"
                  >
                    Моя пиратская свадьба
                  </h1>
                  <span
                    class="description"
                  >
                    Пышную свадьбу на острове нарушает вторжение пиратов. Комедия с Дженнифер Лопес и Джошем Дюамелем
                  </span>
                </div>
                <img
                  alt="Моя пиратская свадьба"
                  class="slide__image"
                  src="https://thumbs.dfs.ivi.ru/storage29/contents/0/4/4d13b27d5730eeb087122d7ef6ff6e.jpg/1216x524/?q=85"
                />
              </div>
              <div
                class="container__l"
                data-testid="poster-l"
                style="opacity: 0; transform: translateX(-200%);"
              >
                <div
                  class="info"
                >
                  <h1
                    class="name"
                  >
                    Все везде и сразу
                  </h1>
                  <span
                    class="description"
                  >
                    Абсолютный триумфатор Оскара-2023, яркий, увлекательный, во всех смыслах фантастический
                  </span>
                </div>
                <img
                  alt="Все везде и сразу"
                  class="slide__image"
                  src="https://thumbs.dfs.ivi.ru/storage28/contents/0/6/f2058a5893cd51ca84fec7f149fcc3.jpg/1216x524/?q=85"
                />
              </div>
              <div
                class="container__l"
                data-testid="poster-l"
                style="transform: translateX(-100%);"
              >
                <div
                  class="info"
                >
                  <h1
                    class="name"
                  >
                    Моя пиратская свадьба
                  </h1>
                  <span
                    class="description"
                  >
                    Пышную свадьбу на острове нарушает вторжение пиратов. Комедия с Дженнифер Лопес и Джошем Дюамелем
                  </span>
                </div>
                <img
                  alt="Моя пиратская свадьба"
                  class="slide__image"
                  src="https://thumbs.dfs.ivi.ru/storage29/contents/0/4/4d13b27d5730eeb087122d7ef6ff6e.jpg/1216x524/?q=85"
                />
              </div>
            </div>
          </div>
          <div
            class="arrow__left"
            style="left: -60px;"
          />
          <div
            class="arrow__right"
            style="right: -60px;"
          />
        </div>
        <div
          class="loyalty__buttons"
        >
          <button
            class="free__btn"
          >
            <p>
              30 дней подписки за 1 ₽
            </p>
          </button>
          <button
            class="sertificate__btn"
          >
            <p>
              Активировать сертификат
            </p>
          </button>
        </div>
        <div
          class="slider__block"
        >
          <div
            class="container"
            data-testid="title-container"
          >
            <h2
              class="title"
            >
              Рекомендую посмотреть
            </h2>
            <img
              alt=""
              class="arrow"
              src="arrow.svg"
            />
          </div>
          <div
            class="container"
          >
            <div
              class="sub__container"
              style="overflow: hidden; padding: 20px 0px 25px 5px;"
            >
              <div
                class="slide__list"
                style="transform: translateX(-0%);"
              >
                <div
                  class="posters"
                >
                  <div
                    class="container__s"
                    data-testid="poster-s"
                  >
                    <div
                      class="poster"
                    >
                      <img
                        alt="Губка боб"
                        src="https://thumbs.dfs.ivi.ru/storage2/contents/1/1/24e317e380f8a6bf033e25c3b47cc9.jpg/234x360/?q=85"
                      />
                    </div>
                    <div
                      class="properties"
                    >
                      <div
                        class="head"
                      >
                        <span
                          class="score"
                        >
                          7,9
                        </span>
                        <div
                          class="buttons"
                        >
                          <img
                            alt=""
                            src="bookmark.svg"
                          />
                          <img
                            alt=""
                            src="star.svg"
                          />
                          <img
                            alt=""
                            src="magic.svg"
                          />
                          <img
                            alt=""
                            src="block.svg"
                          />
                        </div>
                      </div>
                      <div
                        class="info"
                      >
                        <span>
                          1999-2021, США, Фентези
                        </span>
                        <span>
                          13 сезонов
                        </span>
                      </div>
                    </div>
                    <span
                      class="name"
                    >
                      Губка боб
                    </span>
                  </div>
                  <div
                    class="container__s"
                    data-testid="poster-s"
                  >
                    <div
                      class="poster"
                    >
                      <img
                        alt="Титаник"
                        src="https://thumbs.dfs.ivi.ru/storage23/contents/8/5/d8d2fea60b6a57adb2d25a76499f58.jpg/234x360/?q=85"
                      />
                    </div>
                    <div
                      class="properties"
                    >
                      <div
                        class="head"
                      >
                        <span
                          class="score"
                        >
                          8,6
                        </span>
                        <div
                          class="buttons"
                        >
                          <img
                            alt=""
                            src="bookmark.svg"
                          />
                          <img
                            alt=""
                            src="star.svg"
                          />
                          <img
                            alt=""
                            src="magic.svg"
                          />
                          <img
                            alt=""
                            src="block.svg"
                          />
                        </div>
                      </div>
                      <div
                        class="info"
                      >
                        <span>
                          2012, Россия, Документальные
                        </span>
                        <span>
                          1 сезон
                        </span>
                      </div>
                    </div>
                    <span
                      class="name"
                    >
                      Титаник
                    </span>
                  </div>
                  <div
                    class="container__s"
                    data-testid="poster-s"
                  >
                    <div
                      class="poster"
                    >
                      <img
                        alt="Друзья"
                        src="https://thumbs.dfs.ivi.ru/storage8/contents/e/6/071e0668ff2d48216b7967891ca39f.jpg/234x360/?q=85"
                      />
                    </div>
                    <div
                      class="properties"
                    >
                      <div
                        class="head"
                      >
                        <span
                          class="score"
                        >
                          9,1
                        </span>
                        <div
                          class="buttons"
                        >
                          <img
                            alt=""
                            src="bookmark.svg"
                          />
                          <img
                            alt=""
                            src="star.svg"
                          />
                          <img
                            alt=""
                            src="magic.svg"
                          />
                          <img
                            alt=""
                            src="block.svg"
                          />
                        </div>
                      </div>
                      <div
                        class="info"
                      >
                        <span>
                          1994-2004, США, Комедийные
                        </span>
                        <span>
                          10 сезонов
                        </span>
                      </div>
                    </div>
                    <span
                      class="name"
                    >
                      Друзья
                    </span>
                  </div>
                  <div
                    class="container__s"
                    data-testid="poster-s"
                  >
                    <div
                      class="poster"
                    >
                      <img
                        alt="Губка боб"
                        src="https://thumbs.dfs.ivi.ru/storage2/contents/1/1/24e317e380f8a6bf033e25c3b47cc9.jpg/234x360/?q=85"
                      />
                    </div>
                    <div
                      class="properties"
                    >
                      <div
                        class="head"
                      >
                        <span
                          class="score"
                        >
                          7,9
                        </span>
                        <div
                          class="buttons"
                        >
                          <img
                            alt=""
                            src="bookmark.svg"
                          />
                          <img
                            alt=""
                            src="star.svg"
                          />
                          <img
                            alt=""
                            src="magic.svg"
                          />
                          <img
                            alt=""
                            src="block.svg"
                          />
                        </div>
                      </div>
                      <div
                        class="info"
                      >
                        <span>
                          1999-2021, США, Фентези
                        </span>
                        <span>
                          13 сезонов
                        </span>
                      </div>
                    </div>
                    <span
                      class="name"
                    >
                      Губка боб
                    </span>
                  </div>
                  <div
                    class="container__s"
                    data-testid="poster-s"
                  >
                    <div
                      class="poster"
                    >
                      <img
                        alt="Титаник"
                        src="https://thumbs.dfs.ivi.ru/storage23/contents/8/5/d8d2fea60b6a57adb2d25a76499f58.jpg/234x360/?q=85"
                      />
                    </div>
                    <div
                      class="properties"
                    >
                      <div
                        class="head"
                      >
                        <span
                          class="score"
                        >
                          8,6
                        </span>
                        <div
                          class="buttons"
                        >
                          <img
                            alt=""
                            src="bookmark.svg"
                          />
                          <img
                            alt=""
                            src="star.svg"
                          />
                          <img
                            alt=""
                            src="magic.svg"
                          />
                          <img
                            alt=""
                            src="block.svg"
                          />
                        </div>
                      </div>
                      <div
                        class="info"
                      >
                        <span>
                          2012, Россия, Документальные
                        </span>
                        <span>
                          1 сезон
                        </span>
                      </div>
                    </div>
                    <span
                      class="name"
                    >
                      Титаник
                    </span>
                  </div>
                  <div
                    class="container__s"
                    data-testid="poster-s"
                  >
                    <div
                      class="poster"
                    >
                      <img
                        alt="Друзья"
                        src="https://thumbs.dfs.ivi.ru/storage8/contents/e/6/071e0668ff2d48216b7967891ca39f.jpg/234x360/?q=85"
                      />
                    </div>
                    <div
                      class="properties"
                    >
                      <div
                        class="head"
                      >
                        <span
                          class="score"
                        >
                          9,1
                        </span>
                        <div
                          class="buttons"
                        >
                          <img
                            alt=""
                            src="bookmark.svg"
                          />
                          <img
                            alt=""
                            src="star.svg"
                          />
                          <img
                            alt=""
                            src="magic.svg"
                          />
                          <img
                            alt=""
                            src="block.svg"
                          />
                        </div>
                      </div>
                      <div
                        class="info"
                      >
                        <span>
                          1994-2004, США, Комедийные
                        </span>
                        <span>
                          10 сезонов
                        </span>
                      </div>
                    </div>
                    <span
                      class="name"
                    >
                      Друзья
                    </span>
                  </div>
                  <div
                    class="container__s"
                    data-testid="poster-s"
                  >
                    <div
                      class="poster"
                    >
                      <img
                        alt="Титаник"
                        src="https://thumbs.dfs.ivi.ru/storage23/contents/8/5/d8d2fea60b6a57adb2d25a76499f58.jpg/234x360/?q=85"
                      />
                    </div>
                    <div
                      class="properties"
                    >
                      <div
                        class="head"
                      >
                        <span
                          class="score"
                        >
                          8,6
                        </span>
                        <div
                          class="buttons"
                        >
                          <img
                            alt=""
                            src="bookmark.svg"
                          />
                          <img
                            alt=""
                            src="star.svg"
                          />
                          <img
                            alt=""
                            src="magic.svg"
                          />
                          <img
                            alt=""
                            src="block.svg"
                          />
                        </div>
                      </div>
                      <div
                        class="info"
                      >
                        <span>
                          2012, Россия, Документальные
                        </span>
                        <span>
                          1 сезон
                        </span>
                      </div>
                    </div>
                    <span
                      class="name"
                    >
                      Титаник
                    </span>
                  </div>
                  <div
                    class="container__s"
                    data-testid="poster-s"
                  >
                    <div
                      class="poster"
                    >
                      <img
                        alt="Друзья"
                        src="https://thumbs.dfs.ivi.ru/storage8/contents/e/6/071e0668ff2d48216b7967891ca39f.jpg/234x360/?q=85"
                      />
                    </div>
                    <div
                      class="properties"
                    >
                      <div
                        class="head"
                      >
                        <span
                          class="score"
                        >
                          9,1
                        </span>
                        <div
                          class="buttons"
                        >
                          <img
                            alt=""
                            src="bookmark.svg"
                          />
                          <img
                            alt=""
                            src="star.svg"
                          />
                          <img
                            alt=""
                            src="magic.svg"
                          />
                          <img
                            alt=""
                            src="block.svg"
                          />
                        </div>
                      </div>
                      <div
                        class="info"
                      >
                        <span>
                          1994-2004, США, Комедийные
                        </span>
                        <span>
                          10 сезонов
                        </span>
                      </div>
                    </div>
                    <span
                      class="name"
                    >
                      Друзья
                    </span>
                  </div>
                </div>
              </div>
            </div>
            <div
              class="arrow__right"
            />
          </div>
        </div>
        <div
          class="slider__block"
        >
          <div
            class="container"
            data-testid="title-container"
          >
            <img
              alt=""
              class="top"
              src="top.svg"
            />
            <h2
              class="title"
              style="line-height: 30px;"
            >
              за неделю
            </h2>
          </div>
          <div
            class="container"
          >
            <div
              class="sub__container"
              style="overflow: hidden; padding: 20px 0px 25px 5px;"
            >
              <div
                class="slide__list"
                style="transform: translateX(-0%);"
              >
                <div
                  class="posters"
                >
                  <div
                    class="container__m"
                    data-testid="poster-m"
                  >
                    <img
                      class="slide__image"
                      src="https://thumbs.dfs.ivi.ru/storage4/contents/2/c/3b8e2a957b926355725e1237e188bf.jpg/304x620//?q=85"
                    />
                    <img
                      class="number"
                      src="1.svg"
                    />
                    <div
                      class="shadow"
                    />
                  </div>
                  <div
                    class="container__m"
                    data-testid="poster-m"
                  >
                    <img
                      class="slide__image"
                      src="https://thumbs.dfs.ivi.ru/storage28/contents/f/2/7e50d51661b729863f8584ee559242.jpg/304x620//?q=85"
                    />
                    <img
                      class="number"
                      src="2.svg"
                    />
                    <div
                      class="shadow"
                    />
                  </div>
                  <div
                    class="container__m"
                    data-testid="poster-m"
                  >
                    <img
                      class="slide__image"
                      src="https://thumbs.dfs.ivi.ru/storage26/contents/a/1/56b0cedeb8dd5890ee46ab947c1207.jpg/304x620//?q=85"
                    />
                    <img
                      class="number"
                      src="3.svg"
                    />
                    <div
                      class="shadow"
                    />
                  </div>
                  <div
                    class="container__m"
                    data-testid="poster-m"
                  >
                    <img
                      class="slide__image"
                      src="https://thumbs.dfs.ivi.ru/storage28/contents/d/e/f3afc43a0709ea1ebf35cdf142cc46.jpg/304x620//?q=85"
                    />
                    <img
                      class="number"
                      src="4.svg"
                    />
                    <div
                      class="shadow"
                    />
                  </div>
                  <div
                    class="container__m"
                    data-testid="poster-m"
                  >
                    <img
                      class="slide__image"
                      src="https://thumbs.dfs.ivi.ru/storage5/contents/9/9/f92d6d3965cfcb7b7e1878eaa56f05.jpg/304x620//?q=85"
                    />
                    <img
                      class="number"
                      src="5.svg"
                    />
                    <div
                      class="shadow"
                    />
                  </div>
                  <div
                    class="container__m"
                    data-testid="poster-m"
                  >
                    <img
                      class="slide__image"
                      src="https://thumbs.dfs.ivi.ru/storage3/contents/0/9/09f0b7761bcd8ceb9c42bb93f4806c.jpg/304x620//?q=85"
                    />
                    <img
                      class="number"
                      src="6.svg"
                    />
                    <div
                      class="shadow"
                    />
                  </div>
                  <div
                    class="container__m"
                    data-testid="poster-m"
                  >
                    <img
                      class="slide__image"
                      src="https://thumbs.dfs.ivi.ru/storage9/contents/8/0/86ca0a529c83b35c0b0f2b29a0fa57.jpg/304x620//?q=85"
                    />
                    <img
                      class="number"
                      src="7.svg"
                    />
                    <div
                      class="shadow"
                    />
                  </div>
                  <div
                    class="container__m"
                    data-testid="poster-m"
                  >
                    <img
                      class="slide__image"
                      src="https://thumbs.dfs.ivi.ru/storage29/contents/1/9/2475ddbdc646eb062cc61cb73db2a8.jpg/304x620//?q=85"
                    />
                    <img
                      class="number"
                      src="8.svg"
                    />
                    <div
                      class="shadow"
                    />
                  </div>
                  <div
                    class="container__m"
                    data-testid="poster-m"
                  >
                    <img
                      class="slide__image"
                      src="https://thumbs.dfs.ivi.ru/storage6/contents/e/0/08c76a2df45108ec28af6300cc5b93.jpg/304x620//?q=85"
                    />
                    <img
                      class="number"
                      src="9.svg"
                    />
                    <div
                      class="shadow"
                    />
                  </div>
                  <div
                    class="container__m"
                    data-testid="poster-m"
                  >
                    <img
                      class="slide__image"
                      src="https://thumbs.dfs.ivi.ru/storage33/contents/b/2/661be4b1a65157bb5440ffc3bbeb06.jpg/304x620//?q=85"
                    />
                    <img
                      class="number"
                      src="10.svg"
                    />
                    <div
                      class="shadow"
                    />
                  </div>
                </div>
              </div>
            </div>
            <div
              class="arrow__right"
            />
          </div>
        </div>
        <div
          class="container"
          data-testid="title-container"
        >
          <h2
            class="title"
          >
            Онлайн-кинотеатр Иви: фильмы в хорошем качестве всегда приносят настоящее удовольствие
          </h2>
        </div>
        <div
          class="wraper"
        >
          <p>
            Каждый день миллионы людей ищут фильмы онлайн, и никто не хочет усложнять себе жизнь – и вы наверняка один из них! А раз так, то Иви – это именно тот ресурс, который вам нужен. От лучших кинолент в HD-качестве вас отделяет буквально один клик. Мы не просто освобождаем от необходимости идти в кинотеатр или изучать программу телепередач – у посетителей нашего ресурса гораздо больше возможностей.

Видеотека Иви – это постоянно пополняющаяся коллекция в рунете, которая насчитывает более 60 тысяч отечественного и зарубежного контента, доступного для
            ...
             
          </p>
          <p
            class="showall"
          >
            Развернуть
          </p>
        </div>
      </div>
    </div>
  </body>,
  "container": <div>
    <div
      class="container"
    >
      <div
        class="container"
        style="padding: 0px 10px 0px 10px;"
      >
        <div
          class="sub__container"
          style="height: 530px;"
        >
          <div
            class="slide__list"
          >
            <div
              class="container__l"
              data-testid="poster-l"
              style="opacity: 1; transform: translateX(0);"
            >
              <div
                class="info"
              >
                <h1
                  class="name"
                >
                  Моя пиратская свадьба
                </h1>
                <span
                  class="description"
                >
                  Пышную свадьбу на острове нарушает вторжение пиратов. Комедия с Дженнифер Лопес и Джошем Дюамелем
                </span>
              </div>
              <img
                alt="Моя пиратская свадьба"
                class="slide__image"
                src="https://thumbs.dfs.ivi.ru/storage29/contents/0/4/4d13b27d5730eeb087122d7ef6ff6e.jpg/1216x524/?q=85"
              />
            </div>
            <div
              class="container__l"
              data-testid="poster-l"
              style="transform: translateX(100%);"
            >
              <div
                class="info"
              >
                <h1
                  class="name"
                >
                  Все везде и сразу
                </h1>
                <span
                  class="description"
                >
                  Абсолютный триумфатор Оскара-2023, яркий, увлекательный, во всех смыслах фантастический
                </span>
              </div>
              <img
                alt="Все везде и сразу"
                class="slide__image"
                src="https://thumbs.dfs.ivi.ru/storage28/contents/0/6/f2058a5893cd51ca84fec7f149fcc3.jpg/1216x524/?q=85"
              />
            </div>
            <div
              class="container__l"
              data-testid="poster-l"
              style="opacity: 0; transform: translateX(200%);"
            >
              <div
                class="info"
              >
                <h1
                  class="name"
                >
                  Моя пиратская свадьба
                </h1>
                <span
                  class="description"
                >
                  Пышную свадьбу на острове нарушает вторжение пиратов. Комедия с Дженнифер Лопес и Джошем Дюамелем
                </span>
              </div>
              <img
                alt="Моя пиратская свадьба"
                class="slide__image"
                src="https://thumbs.dfs.ivi.ru/storage29/contents/0/4/4d13b27d5730eeb087122d7ef6ff6e.jpg/1216x524/?q=85"
              />
            </div>
            <div
              class="container__l"
              data-testid="poster-l"
              style="opacity: 0; transform: translateX(200%);"
            >
              <div
                class="info"
              >
                <h1
                  class="name"
                >
                  Моя пиратская свадьба
                </h1>
                <span
                  class="description"
                >
                  Пышную свадьбу на острове нарушает вторжение пиратов. Комедия с Дженнифер Лопес и Джошем Дюамелем
                </span>
              </div>
              <img
                alt="Моя пиратская свадьба"
                class="slide__image"
                src="https://thumbs.dfs.ivi.ru/storage29/contents/0/4/4d13b27d5730eeb087122d7ef6ff6e.jpg/1216x524/?q=85"
              />
            </div>
            <div
              class="container__l"
              data-testid="poster-l"
              style="opacity: 0; transform: translateX(-200%);"
            >
              <div
                class="info"
              >
                <h1
                  class="name"
                >
                  Все везде и сразу
                </h1>
                <span
                  class="description"
                >
                  Абсолютный триумфатор Оскара-2023, яркий, увлекательный, во всех смыслах фантастический
                </span>
              </div>
              <img
                alt="Все везде и сразу"
                class="slide__image"
                src="https://thumbs.dfs.ivi.ru/storage28/contents/0/6/f2058a5893cd51ca84fec7f149fcc3.jpg/1216x524/?q=85"
              />
            </div>
            <div
              class="container__l"
              data-testid="poster-l"
              style="transform: translateX(-100%);"
            >
              <div
                class="info"
              >
                <h1
                  class="name"
                >
                  Моя пиратская свадьба
                </h1>
                <span
                  class="description"
                >
                  Пышную свадьбу на острове нарушает вторжение пиратов. Комедия с Дженнифер Лопес и Джошем Дюамелем
                </span>
              </div>
              <img
                alt="Моя пиратская свадьба"
                class="slide__image"
                src="https://thumbs.dfs.ivi.ru/storage29/contents/0/4/4d13b27d5730eeb087122d7ef6ff6e.jpg/1216x524/?q=85"
              />
            </div>
          </div>
        </div>
        <div
          class="arrow__left"
          style="left: -60px;"
        />
        <div
          class="arrow__right"
          style="right: -60px;"
        />
      </div>
      <div
        class="loyalty__buttons"
      >
        <button
          class="free__btn"
        >
          <p>
            30 дней подписки за 1 ₽
          </p>
        </button>
        <button
          class="sertificate__btn"
        >
          <p>
            Активировать сертификат
          </p>
        </button>
      </div>
      <div
        class="slider__block"
      >
        <div
          class="container"
          data-testid="title-container"
        >
          <h2
            class="title"
          >
            Рекомендую посмотреть
          </h2>
          <img
            alt=""
            class="arrow"
            src="arrow.svg"
          />
        </div>
        <div
          class="container"
        >
          <div
            class="sub__container"
            style="overflow: hidden; padding: 20px 0px 25px 5px;"
          >
            <div
              class="slide__list"
              style="transform: translateX(-0%);"
            >
              <div
                class="posters"
              >
                <div
                  class="container__s"
                  data-testid="poster-s"
                >
                  <div
                    class="poster"
                  >
                    <img
                      alt="Губка боб"
                      src="https://thumbs.dfs.ivi.ru/storage2/contents/1/1/24e317e380f8a6bf033e25c3b47cc9.jpg/234x360/?q=85"
                    />
                  </div>
                  <div
                    class="properties"
                  >
                    <div
                      class="head"
                    >
                      <span
                        class="score"
                      >
                        7,9
                      </span>
                      <div
                        class="buttons"
                      >
                        <img
                          alt=""
                          src="bookmark.svg"
                        />
                        <img
                          alt=""
                          src="star.svg"
                        />
                        <img
                          alt=""
                          src="magic.svg"
                        />
                        <img
                          alt=""
                          src="block.svg"
                        />
                      </div>
                    </div>
                    <div
                      class="info"
                    >
                      <span>
                        1999-2021, США, Фентези
                      </span>
                      <span>
                        13 сезонов
                      </span>
                    </div>
                  </div>
                  <span
                    class="name"
                  >
                    Губка боб
                  </span>
                </div>
                <div
                  class="container__s"
                  data-testid="poster-s"
                >
                  <div
                    class="poster"
                  >
                    <img
                      alt="Титаник"
                      src="https://thumbs.dfs.ivi.ru/storage23/contents/8/5/d8d2fea60b6a57adb2d25a76499f58.jpg/234x360/?q=85"
                    />
                  </div>
                  <div
                    class="properties"
                  >
                    <div
                      class="head"
                    >
                      <span
                        class="score"
                      >
                        8,6
                      </span>
                      <div
                        class="buttons"
                      >
                        <img
                          alt=""
                          src="bookmark.svg"
                        />
                        <img
                          alt=""
                          src="star.svg"
                        />
                        <img
                          alt=""
                          src="magic.svg"
                        />
                        <img
                          alt=""
                          src="block.svg"
                        />
                      </div>
                    </div>
                    <div
                      class="info"
                    >
                      <span>
                        2012, Россия, Документальные
                      </span>
                      <span>
                        1 сезон
                      </span>
                    </div>
                  </div>
                  <span
                    class="name"
                  >
                    Титаник
                  </span>
                </div>
                <div
                  class="container__s"
                  data-testid="poster-s"
                >
                  <div
                    class="poster"
                  >
                    <img
                      alt="Друзья"
                      src="https://thumbs.dfs.ivi.ru/storage8/contents/e/6/071e0668ff2d48216b7967891ca39f.jpg/234x360/?q=85"
                    />
                  </div>
                  <div
                    class="properties"
                  >
                    <div
                      class="head"
                    >
                      <span
                        class="score"
                      >
                        9,1
                      </span>
                      <div
                        class="buttons"
                      >
                        <img
                          alt=""
                          src="bookmark.svg"
                        />
                        <img
                          alt=""
                          src="star.svg"
                        />
                        <img
                          alt=""
                          src="magic.svg"
                        />
                        <img
                          alt=""
                          src="block.svg"
                        />
                      </div>
                    </div>
                    <div
                      class="info"
                    >
                      <span>
                        1994-2004, США, Комедийные
                      </span>
                      <span>
                        10 сезонов
                      </span>
                    </div>
                  </div>
                  <span
                    class="name"
                  >
                    Друзья
                  </span>
                </div>
                <div
                  class="container__s"
                  data-testid="poster-s"
                >
                  <div
                    class="poster"
                  >
                    <img
                      alt="Губка боб"
                      src="https://thumbs.dfs.ivi.ru/storage2/contents/1/1/24e317e380f8a6bf033e25c3b47cc9.jpg/234x360/?q=85"
                    />
                  </div>
                  <div
                    class="properties"
                  >
                    <div
                      class="head"
                    >
                      <span
                        class="score"
                      >
                        7,9
                      </span>
                      <div
                        class="buttons"
                      >
                        <img
                          alt=""
                          src="bookmark.svg"
                        />
                        <img
                          alt=""
                          src="star.svg"
                        />
                        <img
                          alt=""
                          src="magic.svg"
                        />
                        <img
                          alt=""
                          src="block.svg"
                        />
                      </div>
                    </div>
                    <div
                      class="info"
                    >
                      <span>
                        1999-2021, США, Фентези
                      </span>
                      <span>
                        13 сезонов
                      </span>
                    </div>
                  </div>
                  <span
                    class="name"
                  >
                    Губка боб
                  </span>
                </div>
                <div
                  class="container__s"
                  data-testid="poster-s"
                >
                  <div
                    class="poster"
                  >
                    <img
                      alt="Титаник"
                      src="https://thumbs.dfs.ivi.ru/storage23/contents/8/5/d8d2fea60b6a57adb2d25a76499f58.jpg/234x360/?q=85"
                    />
                  </div>
                  <div
                    class="properties"
                  >
                    <div
                      class="head"
                    >
                      <span
                        class="score"
                      >
                        8,6
                      </span>
                      <div
                        class="buttons"
                      >
                        <img
                          alt=""
                          src="bookmark.svg"
                        />
                        <img
                          alt=""
                          src="star.svg"
                        />
                        <img
                          alt=""
                          src="magic.svg"
                        />
                        <img
                          alt=""
                          src="block.svg"
                        />
                      </div>
                    </div>
                    <div
                      class="info"
                    >
                      <span>
                        2012, Россия, Документальные
                      </span>
                      <span>
                        1 сезон
                      </span>
                    </div>
                  </div>
                  <span
                    class="name"
                  >
                    Титаник
                  </span>
                </div>
                <div
                  class="container__s"
                  data-testid="poster-s"
                >
                  <div
                    class="poster"
                  >
                    <img
                      alt="Друзья"
                      src="https://thumbs.dfs.ivi.ru/storage8/contents/e/6/071e0668ff2d48216b7967891ca39f.jpg/234x360/?q=85"
                    />
                  </div>
                  <div
                    class="properties"
                  >
                    <div
                      class="head"
                    >
                      <span
                        class="score"
                      >
                        9,1
                      </span>
                      <div
                        class="buttons"
                      >
                        <img
                          alt=""
                          src="bookmark.svg"
                        />
                        <img
                          alt=""
                          src="star.svg"
                        />
                        <img
                          alt=""
                          src="magic.svg"
                        />
                        <img
                          alt=""
                          src="block.svg"
                        />
                      </div>
                    </div>
                    <div
                      class="info"
                    >
                      <span>
                        1994-2004, США, Комедийные
                      </span>
                      <span>
                        10 сезонов
                      </span>
                    </div>
                  </div>
                  <span
                    class="name"
                  >
                    Друзья
                  </span>
                </div>
                <div
                  class="container__s"
                  data-testid="poster-s"
                >
                  <div
                    class="poster"
                  >
                    <img
                      alt="Титаник"
                      src="https://thumbs.dfs.ivi.ru/storage23/contents/8/5/d8d2fea60b6a57adb2d25a76499f58.jpg/234x360/?q=85"
                    />
                  </div>
                  <div
                    class="properties"
                  >
                    <div
                      class="head"
                    >
                      <span
                        class="score"
                      >
                        8,6
                      </span>
                      <div
                        class="buttons"
                      >
                        <img
                          alt=""
                          src="bookmark.svg"
                        />
                        <img
                          alt=""
                          src="star.svg"
                        />
                        <img
                          alt=""
                          src="magic.svg"
                        />
                        <img
                          alt=""
                          src="block.svg"
                        />
                      </div>
                    </div>
                    <div
                      class="info"
                    >
                      <span>
                        2012, Россия, Документальные
                      </span>
                      <span>
                        1 сезон
                      </span>
                    </div>
                  </div>
                  <span
                    class="name"
                  >
                    Титаник
                  </span>
                </div>
                <div
                  class="container__s"
                  data-testid="poster-s"
                >
                  <div
                    class="poster"
                  >
                    <img
                      alt="Друзья"
                      src="https://thumbs.dfs.ivi.ru/storage8/contents/e/6/071e0668ff2d48216b7967891ca39f.jpg/234x360/?q=85"
                    />
                  </div>
                  <div
                    class="properties"
                  >
                    <div
                      class="head"
                    >
                      <span
                        class="score"
                      >
                        9,1
                      </span>
                      <div
                        class="buttons"
                      >
                        <img
                          alt=""
                          src="bookmark.svg"
                        />
                        <img
                          alt=""
                          src="star.svg"
                        />
                        <img
                          alt=""
                          src="magic.svg"
                        />
                        <img
                          alt=""
                          src="block.svg"
                        />
                      </div>
                    </div>
                    <div
                      class="info"
                    >
                      <span>
                        1994-2004, США, Комедийные
                      </span>
                      <span>
                        10 сезонов
                      </span>
                    </div>
                  </div>
                  <span
                    class="name"
                  >
                    Друзья
                  </span>
                </div>
              </div>
            </div>
          </div>
          <div
            class="arrow__right"
          />
        </div>
      </div>
      <div
        class="slider__block"
      >
        <div
          class="container"
          data-testid="title-container"
        >
          <img
            alt=""
            class="top"
            src="top.svg"
          />
          <h2
            class="title"
            style="line-height: 30px;"
          >
            за неделю
          </h2>
        </div>
        <div
          class="container"
        >
          <div
            class="sub__container"
            style="overflow: hidden; padding: 20px 0px 25px 5px;"
          >
            <div
              class="slide__list"
              style="transform: translateX(-0%);"
            >
              <div
                class="posters"
              >
                <div
                  class="container__m"
                  data-testid="poster-m"
                >
                  <img
                    class="slide__image"
                    src="https://thumbs.dfs.ivi.ru/storage4/contents/2/c/3b8e2a957b926355725e1237e188bf.jpg/304x620//?q=85"
                  />
                  <img
                    class="number"
                    src="1.svg"
                  />
                  <div
                    class="shadow"
                  />
                </div>
                <div
                  class="container__m"
                  data-testid="poster-m"
                >
                  <img
                    class="slide__image"
                    src="https://thumbs.dfs.ivi.ru/storage28/contents/f/2/7e50d51661b729863f8584ee559242.jpg/304x620//?q=85"
                  />
                  <img
                    class="number"
                    src="2.svg"
                  />
                  <div
                    class="shadow"
                  />
                </div>
                <div
                  class="container__m"
                  data-testid="poster-m"
                >
                  <img
                    class="slide__image"
                    src="https://thumbs.dfs.ivi.ru/storage26/contents/a/1/56b0cedeb8dd5890ee46ab947c1207.jpg/304x620//?q=85"
                  />
                  <img
                    class="number"
                    src="3.svg"
                  />
                  <div
                    class="shadow"
                  />
                </div>
                <div
                  class="container__m"
                  data-testid="poster-m"
                >
                  <img
                    class="slide__image"
                    src="https://thumbs.dfs.ivi.ru/storage28/contents/d/e/f3afc43a0709ea1ebf35cdf142cc46.jpg/304x620//?q=85"
                  />
                  <img
                    class="number"
                    src="4.svg"
                  />
                  <div
                    class="shadow"
                  />
                </div>
                <div
                  class="container__m"
                  data-testid="poster-m"
                >
                  <img
                    class="slide__image"
                    src="https://thumbs.dfs.ivi.ru/storage5/contents/9/9/f92d6d3965cfcb7b7e1878eaa56f05.jpg/304x620//?q=85"
                  />
                  <img
                    class="number"
                    src="5.svg"
                  />
                  <div
                    class="shadow"
                  />
                </div>
                <div
                  class="container__m"
                  data-testid="poster-m"
                >
                  <img
                    class="slide__image"
                    src="https://thumbs.dfs.ivi.ru/storage3/contents/0/9/09f0b7761bcd8ceb9c42bb93f4806c.jpg/304x620//?q=85"
                  />
                  <img
                    class="number"
                    src="6.svg"
                  />
                  <div
                    class="shadow"
                  />
                </div>
                <div
                  class="container__m"
                  data-testid="poster-m"
                >
                  <img
                    class="slide__image"
                    src="https://thumbs.dfs.ivi.ru/storage9/contents/8/0/86ca0a529c83b35c0b0f2b29a0fa57.jpg/304x620//?q=85"
                  />
                  <img
                    class="number"
                    src="7.svg"
                  />
                  <div
                    class="shadow"
                  />
                </div>
                <div
                  class="container__m"
                  data-testid="poster-m"
                >
                  <img
                    class="slide__image"
                    src="https://thumbs.dfs.ivi.ru/storage29/contents/1/9/2475ddbdc646eb062cc61cb73db2a8.jpg/304x620//?q=85"
                  />
                  <img
                    class="number"
                    src="8.svg"
                  />
                  <div
                    class="shadow"
                  />
                </div>
                <div
                  class="container__m"
                  data-testid="poster-m"
                >
                  <img
                    class="slide__image"
                    src="https://thumbs.dfs.ivi.ru/storage6/contents/e/0/08c76a2df45108ec28af6300cc5b93.jpg/304x620//?q=85"
                  />
                  <img
                    class="number"
                    src="9.svg"
                  />
                  <div
                    class="shadow"
                  />
                </div>
                <div
                  class="container__m"
                  data-testid="poster-m"
                >
                  <img
                    class="slide__image"
                    src="https://thumbs.dfs.ivi.ru/storage33/contents/b/2/661be4b1a65157bb5440ffc3bbeb06.jpg/304x620//?q=85"
                  />
                  <img
                    class="number"
                    src="10.svg"
                  />
                  <div
                    class="shadow"
                  />
                </div>
              </div>
            </div>
          </div>
          <div
            class="arrow__right"
          />
        </div>
      </div>
      <div
        class="container"
        data-testid="title-container"
      >
        <h2
          class="title"
        >
          Онлайн-кинотеатр Иви: фильмы в хорошем качестве всегда приносят настоящее удовольствие
        </h2>
      </div>
      <div
        class="wraper"
      >
        <p>
          Каждый день миллионы людей ищут фильмы онлайн, и никто не хочет усложнять себе жизнь – и вы наверняка один из них! А раз так, то Иви – это именно тот ресурс, который вам нужен. От лучших кинолент в HD-качестве вас отделяет буквально один клик. Мы не просто освобождаем от необходимости идти в кинотеатр или изучать программу телепередач – у посетителей нашего ресурса гораздо больше возможностей.

Видеотека Иви – это постоянно пополняющаяся коллекция в рунете, которая насчитывает более 60 тысяч отечественного и зарубежного контента, доступного для
          ...
           
        </p>
        <p
          class="showall"
        >
          Развернуть
        </p>
      </div>
    </div>
  </div>,
  "debug": [Function],
  "findAllByAltText": [Function],
  "findAllByDisplayValue": [Function],
  "findAllByLabelText": [Function],
  "findAllByPlaceholderText": [Function],
  "findAllByRole": [Function],
  "findAllByTestId": [Function],
  "findAllByText": [Function],
  "findAllByTitle": [Function],
  "findByAltText": [Function],
  "findByDisplayValue": [Function],
  "findByLabelText": [Function],
  "findByPlaceholderText": [Function],
  "findByRole": [Function],
  "findByTestId": [Function],
  "findByText": [Function],
  "findByTitle": [Function],
  "getAllByAltText": [Function],
  "getAllByDisplayValue": [Function],
  "getAllByLabelText": [Function],
  "getAllByPlaceholderText": [Function],
  "getAllByRole": [Function],
  "getAllByTestId": [Function],
  "getAllByText": [Function],
  "getAllByTitle": [Function],
  "getByAltText": [Function],
  "getByDisplayValue": [Function],
  "getByLabelText": [Function],
  "getByPlaceholderText": [Function],
  "getByRole": [Function],
  "getByTestId": [Function],
  "getByText": [Function],
  "getByTitle": [Function],
  "queryAllByAltText": [Function],
  "queryAllByDisplayValue": [Function],
  "queryAllByLabelText": [Function],
  "queryAllByPlaceholderText": [Function],
  "queryAllByRole": [Function],
  "queryAllByTestId": [Function],
  "queryAllByText": [Function],
  "queryAllByTitle": [Function],
  "queryByAltText": [Function],
  "queryByDisplayValue": [Function],
  "queryByLabelText": [Function],
  "queryByPlaceholderText": [Function],
  "queryByRole": [Function],
  "queryByTestId": [Function],
  "queryByText": [Function],
  "queryByTitle": [Function],
  "rerender": [Function],
  "unmount": [Function],
}
`;
